-- pybind11 not found via find_package; fetching via FetchContent
CMake Deprecation Warning at build-msvc/_deps/pybind11-src/CMakeLists.txt:13 (cmake_minimum_required):
  Compatibility with CMake < 3.10 will be removed from a future version of
  CMake.

  Update the VERSION argument <min> value.  Or, use the <min>...<max> syntax
  to tell CMake that the project requires at least <min> but has been updated
  to work with policies introduced by <max> or earlier.


-- pybind11 v2.13.6 
-- LibTorch disabled (USE_LIBTORCH=OFF)
-- ONNX Runtime enabled
-- Configuring done (2.9s)
-- Generating done (0.6s)
-- Build files have been written to: C:/Users/ichirou/DM_simulation/build-msvc
MSBuild のバージョン 17.14.23+b0019275e (.NET Framework)

  game_state.cpp
  game_state_stats.cpp
C:\Users\ichirou\DM_simulation\src\core\game_state_stats.cpp(7,83): warning C4100: 'card_db': 参照されないパラメーター [C:\Users\ichirou\DM_simulation\build-msvc\dm_core.vcxproj]
C:\Users\ichirou\DM_simulation\src\core\game_state_stats.cpp(42,39): warning C4244: '=': 'ReturnType' から 'int' への変換です。データが失われる可能性があります。 [C:\Users\ichirou\DM_simulation\build-msvc\dm_core.vcxproj]
C:\Users\ichirou\DM_simulation\src\core\game_state_stats.cpp(42,39): warning C4244:         with [C:\Users\ichirou\DM_simulation\build-msvc\dm_core.vcxproj]
C:\Users\ichirou\DM_simulation\src\core\game_state_stats.cpp(42,39): warning C4244:         [ [C:\Users\ichirou\DM_simulation\build-msvc\dm_core.vcxproj]
C:\Users\ichirou\DM_simulation\src\core\game_state_stats.cpp(42,39): warning C4244:             ReturnType=__int64 [C:\Users\ichirou\DM_simulation\build-msvc\dm_core.vcxproj]
C:\Users\ichirou\DM_simulation\src\core\game_state_stats.cpp(42,39): warning C4244:         ] [C:\Users\ichirou\DM_simulation\build-msvc\dm_core.vcxproj]
C:\Users\ichirou\DM_simulation\src\core\game_state_stats.cpp(51,54): warning C4244: '=': 'double' から 'int' への変換です。データが失われる可能性があります。 [C:\Users\ichirou\DM_simulation\build-msvc\dm_core.vcxproj]
C:\Users\ichirou\DM_simulation\src\core\game_state_stats.cpp(52,53): warning C4244: '=': 'double' から 'int' への変換です。データが失われる可能性があります。 [C:\Users\ichirou\DM_simulation\build-msvc\dm_core.vcxproj]
C:\Users\ichirou\DM_simulation\src\core\game_state_stats.cpp(53,55): warning C4244: '=': 'double' から 'float' への変換です。データが失われる可能性があります。 [C:\Users\ichirou\DM_simulation\build-msvc\dm_core.vcxproj]
C:\Users\ichirou\DM_simulation\src\core\game_state_stats.cpp(54,56): warning C4244: '=': 'double' から 'int' への変換です。データが失われる可能性があります。 [C:\Users\ichirou\DM_simulation\build-msvc\dm_core.vcxproj]
C:\Users\ichirou\DM_simulation\src\core\game_state_stats.cpp(55,51): warning C4244: '=': 'double' から 'float' への変換です。データが失われる可能性があります。 [C:\Users\ichirou\DM_simulation\build-msvc\dm_core.vcxproj]
C:\Users\ichirou\DM_simulation\src\core\game_state_stats.cpp(56,52): warning C4244: '=': 'double' から 'float' への変換です。データが失われる可能性があります。 [C:\Users\ichirou\DM_simulation\build-msvc\dm_core.vcxproj]
C:\Users\ichirou\DM_simulation\src\core\game_state_stats.cpp(57,51): warning C4244: '=': 'double' から 'float' への変換です。データが失われる可能性があります。 [C:\Users\ichirou\DM_simulation\build-msvc\dm_core.vcxproj]
C:\Users\ichirou\DM_simulation\src\core\game_state_stats.cpp(58,53): warning C4244: '=': 'double' から 'float' への変換です。データが失われる可能性があります。 [C:\Users\ichirou\DM_simulation\build-msvc\dm_core.vcxproj]
C:\Users\ichirou\DM_simulation\src\core\game_state_stats.cpp(59,51): warning C4244: '=': 'double' から 'float' への変換です。データが失われる可能性があります。 [C:\Users\ichirou\DM_simulation\build-msvc\dm_core.vcxproj]
C:\Users\ichirou\DM_simulation\src\core\game_state_stats.cpp(60,52): warning C4244: '=': 'double' から 'float' への変換です。データが失われる可能性があります。 [C:\Users\ichirou\DM_simulation\build-msvc\dm_core.vcxproj]
C:\Users\ichirou\DM_simulation\src\core\game_state_stats.cpp(61,57): warning C4244: '=': 'double' から 'float' への変換です。データが失われる可能性があります。 [C:\Users\ichirou\DM_simulation\build-msvc\dm_core.vcxproj]
C:\Users\ichirou\DM_simulation\src\core\game_state_stats.cpp(62,56): warning C4244: '=': 'double' から 'float' への変換です。データが失われる可能性があります。 [C:\Users\ichirou\DM_simulation\build-msvc\dm_core.vcxproj]
C:\Users\ichirou\DM_simulation\src\core\game_state_stats.cpp(63,60): warning C4244: '=': 'double' から 'float' への変換です。データが失われる可能性があります。 [C:\Users\ichirou\DM_simulation\build-msvc\dm_core.vcxproj]
C:\Users\ichirou\DM_simulation\src\core\game_state_stats.cpp(64,56): warning C4244: '=': 'double' から 'float' への変換です。データが失われる可能性があります。 [C:\Users\ichirou\DM_simulation\build-msvc\dm_core.vcxproj]
C:\Users\ichirou\DM_simulation\src\core\game_state_stats.cpp(65,55): warning C4244: '=': 'double' から 'float' への変換です。データが失われる可能性があります。 [C:\Users\ichirou\DM_simulation\build-msvc\dm_core.vcxproj]
C:\Users\ichirou\DM_simulation\src\core\game_state_stats.cpp(66,60): warning C4244: '=': 'double' から 'float' への変換です。データが失われる可能性があります。 [C:\Users\ichirou\DM_simulation\build-msvc\dm_core.vcxproj]
C:\Users\ichirou\DM_simulation\src\core\game_state_stats.cpp(74,54): warning C4244: '=': 'double' から 'int' への変換です。データが失われる可能性があります。 [C:\Users\ichirou\DM_simulation\build-msvc\dm_core.vcxproj]
C:\Users\ichirou\DM_simulation\src\core\game_state_stats.cpp(75,53): warning C4244: '=': 'double' から 'int' への変換です。データが失われる可能性があります。 [C:\Users\ichirou\DM_simulation\build-msvc\dm_core.vcxproj]
C:\Users\ichirou\DM_simulation\src\core\game_state_stats.cpp(76,55): warning C4244: '=': 'double' から 'float' への変換です。データが失われる可能性があります。 [C:\Users\ichirou\DM_simulation\build-msvc\dm_core.vcxproj]
C:\Users\ichirou\DM_simulation\src\core\game_state_stats.cpp(77,56): warning C4244: '=': 'double' から 'int' への変換です。データが失われる可能性があります。 [C:\Users\ichirou\DM_simulation\build-msvc\dm_core.vcxproj]
C:\Users\ichirou\DM_simulation\src\core\game_state_stats.cpp(78,51): warning C4244: '=': 'double' から 'float' への変換です。データが失われる可能性があります。 [C:\Users\ichirou\DM_simulation\build-msvc\dm_core.vcxproj]
C:\Users\ichirou\DM_simulation\src\core\game_state_stats.cpp(79,52): warning C4244: '=': 'double' から 'float' への変換です。データが失われる可能性があります。 [C:\Users\ichirou\DM_simulation\build-msvc\dm_core.vcxproj]
C:\Users\ichirou\DM_simulation\src\core\game_state_stats.cpp(80,51): warning C4244: '=': 'double' から 'float' への変換です。データが失われる可能性があります。 [C:\Users\ichirou\DM_simulation\build-msvc\dm_core.vcxproj]
C:\Users\ichirou\DM_simulation\src\core\game_state_stats.cpp(81,53): warning C4244: '=': 'double' から 'float' への変換です。データが失われる可能性があります。 [C:\Users\ichirou\DM_simulation\build-msvc\dm_core.vcxproj]
C:\Users\ichirou\DM_simulation\src\core\game_state_stats.cpp(82,51): warning C4244: '=': 'double' から 'float' への変換です。データが失われる可能性があります。 [C:\Users\ichirou\DM_simulation\build-msvc\dm_core.vcxproj]
C:\Users\ichirou\DM_simulation\src\core\game_state_stats.cpp(83,52): warning C4244: '=': 'double' から 'float' への変換です。データが失われる可能性があります。 [C:\Users\ichirou\DM_simulation\build-msvc\dm_core.vcxproj]
C:\Users\ichirou\DM_simulation\src\core\game_state_stats.cpp(84,57): warning C4244: '=': 'double' から 'float' への変換です。データが失われる可能性があります。 [C:\Users\ichirou\DM_simulation\build-msvc\dm_core.vcxproj]
C:\Users\ichirou\DM_simulation\src\core\game_state_stats.cpp(85,56): warning C4244: '=': 'double' から 'float' への変換です。データが失われる可能性があります。 [C:\Users\ichirou\DM_simulation\build-msvc\dm_core.vcxproj]
C:\Users\ichirou\DM_simulation\src\core\game_state_stats.cpp(86,60): warning C4244: '=': 'double' から 'float' への変換です。データが失われる可能性があります。 [C:\Users\ichirou\DM_simulation\build-msvc\dm_core.vcxproj]
C:\Users\ichirou\DM_simulation\src\core\game_state_stats.cpp(87,56): warning C4244: '=': 'double' から 'float' への変換です。データが失われる可能性があります。 [C:\Users\ichirou\DM_simulation\build-msvc\dm_core.vcxproj]
C:\Users\ichirou\DM_simulation\src\core\game_state_stats.cpp(88,55): warning C4244: '=': 'double' から 'float' への変換です。データが失われる可能性があります。 [C:\Users\ichirou\DM_simulation\build-msvc\dm_core.vcxproj]
C:\Users\ichirou\DM_simulation\src\core\game_state_stats.cpp(89,60): warning C4244: '=': 'double' から 'float' への変換です。データが失われる可能性があります。 [C:\Users\ichirou\DM_simulation\build-msvc\dm_core.vcxproj]
C:\Users\ichirou\DM_simulation\src\core\game_state_stats.cpp(119,75): warning C4244: '+=': 'double' から 'int' への変換です。データが失われる可能性があります。 [C:\Users\ichirou\DM_simulation\build-msvc\dm_core.vcxproj]
C:\Users\ichirou\DM_simulation\src\core\game_state_stats.cpp(120,73): warning C4244: '+=': 'double' から 'int' への変換です。データが失われる可能性があります。 [C:\Users\ichirou\DM_simulation\build-msvc\dm_core.vcxproj]
C:\Users\ichirou\DM_simulation\src\core\game_state_stats.cpp(121,77): warning C4244: '+=': 'double' から 'float' への変換です。データが失われる可能性があります。 [C:\Users\ichirou\DM_simulation\build-msvc\dm_core.vcxproj]
C:\Users\ichirou\DM_simulation\src\core\game_state_stats.cpp(122,79): warning C4244: '+=': 'double' から 'int' への変換です。データが失われる可能性があります。 [C:\Users\ichirou\DM_simulation\build-msvc\dm_core.vcxproj]
C:\Users\ichirou\DM_simulation\src\core\game_state_stats.cpp(124,69): warning C4244: '+=': 'double' から 'float' への変換です。データが失われる可能性があります。 [C:\Users\ichirou\DM_simulation\build-msvc\dm_core.vcxproj]
C:\Users\ichirou\DM_simulation\src\core\game_state_stats.cpp(125,71): warning C4244: '+=': 'double' から 'float' への変換です。データが失われる可能性があります。 [C:\Users\ichirou\DM_simulation\build-msvc\dm_core.vcxproj]
C:\Users\ichirou\DM_simulation\src\core\game_state_stats.cpp(126,69): warning C4244: '+=': 'double' から 'float' への変換です。データが失われる可能性があります。 [C:\Users\ichirou\DM_simulation\build-msvc\dm_core.vcxproj]
C:\Users\ichirou\DM_simulation\src\core\game_state_stats.cpp(127,73): warning C4244: '+=': 'double' から 'float' への変換です。データが失われる可能性があります。 [C:\Users\ichirou\DM_simulation\build-msvc\dm_core.vcxproj]
C:\Users\ichirou\DM_simulation\src\core\game_state_stats.cpp(129,69): warning C4244: '+=': 'double' から 'float' への変換です。データが失われる可能性があります。 [C:\Users\ichirou\DM_simulation\build-msvc\dm_core.vcxproj]
C:\Users\ichirou\DM_simulation\src\core\game_state_stats.cpp(130,71): warning C4244: '+=': 'double' から 'float' への変換です。データが失われる可能性があります。 [C:\Users\ichirou\DM_simulation\build-msvc\dm_core.vcxproj]
C:\Users\ichirou\DM_simulation\src\core\game_state_stats.cpp(131,79): warning C4244: '+=': 'double' から 'float' への変換です。データが失われる可能性があります。 [C:\Users\ichirou\DM_simulation\build-msvc\dm_core.vcxproj]
C:\Users\ichirou\DM_simulation\src\core\game_state_stats.cpp(132,77): warning C4244: '+=': 'double' から 'float' への変換です。データが失われる可能性があります。 [C:\Users\ichirou\DM_simulation\build-msvc\dm_core.vcxproj]
C:\Users\ichirou\DM_simulation\src\core\game_state_stats.cpp(134,85): warning C4244: '+=': 'double' から 'float' への変換です。データが失われる可能性があります。 [C:\Users\ichirou\DM_simulation\build-msvc\dm_core.vcxproj]
C:\Users\ichirou\DM_simulation\src\core\game_state_stats.cpp(135,77): warning C4244: '+=': 'double' から 'float' への変換です。データが失われる可能性があります。 [C:\Users\ichirou\DM_simulation\build-msvc\dm_core.vcxproj]
C:\Users\ichirou\DM_simulation\src\core\game_state_stats.cpp(136,75): warning C4244: '+=': 'double' から 'float' への変換です。データが失われる可能性があります。 [C:\Users\ichirou\DM_simulation\build-msvc\dm_core.vcxproj]
C:\Users\ichirou\DM_simulation\src\core\game_state_stats.cpp(137,85): warning C4244: '+=': 'double' から 'float' への変換です。データが失われる可能性があります。 [C:\Users\ichirou\DM_simulation\build-msvc\dm_core.vcxproj]
C:\Users\ichirou\DM_simulation\src\core\game_state_stats.cpp(148,66): warning C4244: '+=': 'double' から 'int' への変換です。データが失われる可能性があります。 [C:\Users\ichirou\DM_simulation\build-msvc\dm_core.vcxproj]
C:\Users\ichirou\DM_simulation\src\core\game_state_stats.cpp(149,64): warning C4244: '+=': 'double' から 'int' への変換です。データが失われる可能性があります。 [C:\Users\ichirou\DM_simulation\build-msvc\dm_core.vcxproj]
C:\Users\ichirou\DM_simulation\src\core\game_state_stats.cpp(150,68): warning C4244: '+=': 'double' から 'float' への変換です。データが失われる可能性があります。 [C:\Users\ichirou\DM_simulation\build-msvc\dm_core.vcxproj]
C:\Users\ichirou\DM_simulation\src\core\game_state_stats.cpp(151,70): warning C4244: '+=': 'double' から 'int' への変換です。データが失われる可能性があります。 [C:\Users\ichirou\DM_simulation\build-msvc\dm_core.vcxproj]
C:\Users\ichirou\DM_simulation\src\core\game_state_stats.cpp(153,60): warning C4244: '+=': 'double' から 'float' への変換です。データが失われる可能性があります。 [C:\Users\ichirou\DM_simulation\build-msvc\dm_core.vcxproj]
C:\Users\ichirou\DM_simulation\src\core\game_state_stats.cpp(154,62): warning C4244: '+=': 'double' から 'float' への変換です。データが失われる可能性があります。 [C:\Users\ichirou\DM_simulation\build-msvc\dm_core.vcxproj]
C:\Users\ichirou\DM_simulation\src\core\game_state_stats.cpp(155,60): warning C4244: '+=': 'double' から 'float' への変換です。データが失われる可能性があります。 [C:\Users\ichirou\DM_simulation\build-msvc\dm_core.vcxproj]
C:\Users\ichirou\DM_simulation\src\core\game_state_stats.cpp(156,64): warning C4244: '+=': 'double' から 'float' への変換です。データが失われる可能性があります。 [C:\Users\ichirou\DM_simulation\build-msvc\dm_core.vcxproj]
C:\Users\ichirou\DM_simulation\src\core\game_state_stats.cpp(158,60): warning C4244: '+=': 'double' から 'float' への変換です。データが失われる可能性があります。 [C:\Users\ichirou\DM_simulation\build-msvc\dm_core.vcxproj]
C:\Users\ichirou\DM_simulation\src\core\game_state_stats.cpp(159,62): warning C4244: '+=': 'double' から 'float' への変換です。データが失われる可能性があります。 [C:\Users\ichirou\DM_simulation\build-msvc\dm_core.vcxproj]
C:\Users\ichirou\DM_simulation\src\core\game_state_stats.cpp(160,70): warning C4244: '+=': 'double' から 'float' への変換です。データが失われる可能性があります。 [C:\Users\ichirou\DM_simulation\build-msvc\dm_core.vcxproj]
C:\Users\ichirou\DM_simulation\src\core\game_state_stats.cpp(161,68): warning C4244: '+=': 'double' から 'float' への変換です。データが失われる可能性があります。 [C:\Users\ichirou\DM_simulation\build-msvc\dm_core.vcxproj]
C:\Users\ichirou\DM_simulation\src\core\game_state_stats.cpp(163,76): warning C4244: '+=': 'double' から 'float' への変換です。データが失われる可能性があります。 [C:\Users\ichirou\DM_simulation\build-msvc\dm_core.vcxproj]
C:\Users\ichirou\DM_simulation\src\core\game_state_stats.cpp(164,68): warning C4244: '+=': 'double' から 'float' への変換です。データが失われる可能性があります。 [C:\Users\ichirou\DM_simulation\build-msvc\dm_core.vcxproj]
C:\Users\ichirou\DM_simulation\src\core\game_state_stats.cpp(165,66): warning C4244: '+=': 'double' から 'float' への変換です。データが失われる可能性があります。 [C:\Users\ichirou\DM_simulation\build-msvc\dm_core.vcxproj]
C:\Users\ichirou\DM_simulation\src\core\game_state_stats.cpp(166,76): warning C4244: '+=': 'double' から 'float' への変換です。データが失われる可能性があります。 [C:\Users\ichirou\DM_simulation\build-msvc\dm_core.vcxproj]
  game_state_tracking.cpp
C:\Users\ichirou\DM_simulation\src\core\game_state_tracking.cpp(45,69): warning C4244: '引数': 'int' から 'unsigned char' への変換です。データが失われる可能性があります。 [C:\Users\ichirou\DM_simulation\build-msvc\dm_core.vcxproj]
  game_state_hash.cpp
  game_state_loop.cpp
  game_state_observer.cpp
  intent_generator.cpp
  pending_strategy.cpp
  stack_strategy.cpp
  phase_strategies.cpp
  phase_manager.cpp
C:\Program Files (x86)\Microsoft Visual Studio\2022\BuildTools\VC\Tools\MSVC\14.44.35207\include\xutility(462,85): warning C4244: '引数': '_Ty' から 'dm::core::CardID' への変換です。データが失われる可能性があります。 [C:\Users\ichirou\DM_simulation\build-msvc\dm_core.vcxproj]
C:\Program Files (x86)\Microsoft Visual Studio\2022\BuildTools\VC\Tools\MSVC\14.44.35207\include\xutility(462,85): warning C4244:         with [C:\Users\ichirou\DM_simulation\build-msvc\dm_core.vcxproj]
C:\Program Files (x86)\Microsoft Visual Studio\2022\BuildTools\VC\Tools\MSVC\14.44.35207\include\xutility(462,85): warning C4244:         [ [C:\Users\ichirou\DM_simulation\build-msvc\dm_core.vcxproj]
C:\Program Files (x86)\Microsoft Visual Studio\2022\BuildTools\VC\Tools\MSVC\14.44.35207\include\xutility(462,85): warning C4244:             _Ty=int [C:\Users\ichirou\DM_simulation\build-msvc\dm_core.vcxproj]
C:\Program Files (x86)\Microsoft Visual Studio\2022\BuildTools\VC\Tools\MSVC\14.44.35207\include\xutility(462,85): warning C4244:         ] [C:\Users\ichirou\DM_simulation\build-msvc\dm_core.vcxproj]
  (ソース ファイル '../src/engine/systems/flow/phase_manager.cpp' をコンパイルしています)
      C:\Program Files (x86)\Microsoft Visual Studio\2022\BuildTools\VC\Tools\MSVC\14.44.35207\include\xutility(462,85):
      テンプレートインスタンス化コンテキスト (最初に最も古いもの) は
          C:\Users\ichirou\DM_simulation\src\engine\systems\flow\phase_manager.cpp(127,30):
          コンパイル対象の関数 テンプレート インスタンス化 'dm::core::CardInstance &std::vector<dm::core::CardInstance,std::allocator<dm::core::CardInstance>>::emplace_back<int,int,dm::core::PlayerID&>(int &&,int &&,dm::core::PlayerID &)' のリファレンスを確認してください
              C:\Users\ichirou\DM_simulation\src\engine\systems\flow\phase_manager.cpp(127,42):
              'dm::engine::PhaseManager::setup_scenario' の 'std::vector<dm::core::CardInstance,std::allocator<dm::core::CardInstance>>::emplace_back' への最初の参照を参照してください
          C:\Program Files (x86)\Microsoft Visual Studio\2022\BuildTools\VC\Tools\MSVC\14.44.35207\include\vector(924,24):
          コンパイル対象の関数 テンプレート インスタンス化 '_Ty &std::vector<_Ty,std::allocator<_Ty>>::_Emplace_one_at_back<int,int,dm::core::PlayerID&>(int &&,int &&,dm::core::PlayerID &)' のリファレンスを確認してください
          with
          [
              _Ty=dm::core::CardInstance
          ]
          C:\Program Files (x86)\Microsoft Visual Studio\2022\BuildTools\VC\Tools\MSVC\14.44.35207\include\vector(845,20):
          コンパイル対象の関数 テンプレート インスタンス化 '_Ty &std::vector<_Ty,std::allocator<_Ty>>::_Emplace_back_with_unused_capacity<int,int,dm::core::PlayerID&>(int &&,int &&,dm::core::PlayerID &)' のリファレンスを確認してください
          with
          [
              _Ty=dm::core::CardInstance
          ]
          C:\Program Files (x86)\Microsoft Visual Studio\2022\BuildTools\VC\Tools\MSVC\14.44.35207\include\vector(863,27):
          コンパイル対象の関数 テンプレート インスタンス化 'void std::_Default_allocator_traits<_Alloc>::construct<_Ty,int,int,dm::core::PlayerID&>(_Alloc &,_Objty *const ,int &&,int &&,dm::core::PlayerID &)' のリファレンスを確認してください
          with
          [
              _Alloc=std::allocator<dm::core::CardInstance>,
              _Ty=dm::core::CardInstance,
              _Objty=dm::core::CardInstance
          ]
          C:\Program Files (x86)\Microsoft Visual Studio\2022\BuildTools\VC\Tools\MSVC\14.44.35207\include\xmemory(730,14):
          コンパイル対象の関数 テンプレート インスタンス化 '_Ty *std::construct_at<_Objty,int,int,dm::core::PlayerID&>(_Ty *const ,int &&,int &&,dm::core::PlayerID &) noexcept(<expr>)' のリファレンスを確認してください
          with
          [
              _Ty=dm::core::CardInstance,
              _Objty=dm::core::CardInstance
          ]
  
C:\Program Files (x86)\Microsoft Visual Studio\2022\BuildTools\VC\Tools\MSVC\14.44.35207\include\xutility(463,90): warning C4244: '引数': '_Ty' から 'dm::core::CardID' への変換です。データが失われる可能性があります。 [C:\Users\ichirou\DM_simulation\build-msvc\dm_core.vcxproj]
C:\Program Files (x86)\Microsoft Visual Studio\2022\BuildTools\VC\Tools\MSVC\14.44.35207\include\xutility(463,90): warning C4244:         with [C:\Users\ichirou\DM_simulation\build-msvc\dm_core.vcxproj]
C:\Program Files (x86)\Microsoft Visual Studio\2022\BuildTools\VC\Tools\MSVC\14.44.35207\include\xutility(463,90): warning C4244:         [ [C:\Users\ichirou\DM_simulation\build-msvc\dm_core.vcxproj]
C:\Program Files (x86)\Microsoft Visual Studio\2022\BuildTools\VC\Tools\MSVC\14.44.35207\include\xutility(463,90): warning C4244:             _Ty=int [C:\Users\ichirou\DM_simulation\build-msvc\dm_core.vcxproj]
C:\Program Files (x86)\Microsoft Visual Studio\2022\BuildTools\VC\Tools\MSVC\14.44.35207\include\xutility(463,90): warning C4244:         ] [C:\Users\ichirou\DM_simulation\build-msvc\dm_core.vcxproj]
  (ソース ファイル '../src/engine/systems/flow/phase_manager.cpp' をコンパイルしています)
      C:\Program Files (x86)\Microsoft Visual Studio\2022\BuildTools\VC\Tools\MSVC\14.44.35207\include\xutility(463,90):
      テンプレートインスタンス化コンテキスト (最初に最も古いもの) は
          C:\Program Files (x86)\Microsoft Visual Studio\2022\BuildTools\VC\Tools\MSVC\14.44.35207\include\vector(863,27):
          コンパイル対象の関数 テンプレート インスタンス化 'void std::_Default_allocator_traits<_Alloc>::construct<_Ty,int,int,dm::core::PlayerID&>(_Alloc &,_Objty *const ,int &&,int &&,dm::core::PlayerID &)' のリファレンスを確認してください
          with
          [
              _Alloc=std::allocator<dm::core::CardInstance>,
              _Ty=dm::core::CardInstance,
              _Objty=dm::core::CardInstance
          ]
          C:\Program Files (x86)\Microsoft Visual Studio\2022\BuildTools\VC\Tools\MSVC\14.44.35207\include\xmemory(730,14):
          コンパイル対象の関数 テンプレート インスタンス化 '_Ty *std::construct_at<_Objty,int,int,dm::core::PlayerID&>(_Ty *const ,int &&,int &&,dm::core::PlayerID &) noexcept(false)' のリファレンスを確認してください
          with
          [
              _Ty=dm::core::CardInstance,
              _Objty=dm::core::CardInstance
          ]
  
C:\Users\ichirou\DM_simulation\src\engine\systems\flow\phase_manager.cpp(28,17): warning C4505: 'dm::engine::move_card_direct': 内部リンケージ含む参照されていない関数が削除されました [C:\Users\ichirou\DM_simulation\build-msvc\dm_core.vcxproj]
  mana_system.cpp
C:\Users\ichirou\DM_simulation\src\engine\systems\mana\mana_system.cpp(76,42): warning C4267: '引数': 'size_t' から '_Ty' に変換しました。データが失われているかもしれません。 [C:\Users\ichirou\DM_simulation\build-msvc\dm_core.vcxproj]
C:\Users\ichirou\DM_simulation\src\engine\systems\mana\mana_system.cpp(76,42): warning C4267:         with [C:\Users\ichirou\DM_simulation\build-msvc\dm_core.vcxproj]
C:\Users\ichirou\DM_simulation\src\engine\systems\mana\mana_system.cpp(76,42): warning C4267:         [ [C:\Users\ichirou\DM_simulation\build-msvc\dm_core.vcxproj]
C:\Users\ichirou\DM_simulation\src\engine\systems\mana\mana_system.cpp(76,42): warning C4267:             _Ty=int [C:\Users\ichirou\DM_simulation\build-msvc\dm_core.vcxproj]
C:\Users\ichirou\DM_simulation\src\engine\systems\mana\mana_system.cpp(76,42): warning C4267:         ] [C:\Users\ichirou\DM_simulation\build-msvc\dm_core.vcxproj]
C:\Users\ichirou\DM_simulation\src\engine\systems\mana\mana_system.cpp(90,42): warning C4267: '引数': 'size_t' から '_Ty' に変換しました。データが失われているかもしれません。 [C:\Users\ichirou\DM_simulation\build-msvc\dm_core.vcxproj]
C:\Users\ichirou\DM_simulation\src\engine\systems\mana\mana_system.cpp(90,42): warning C4267:         with [C:\Users\ichirou\DM_simulation\build-msvc\dm_core.vcxproj]
C:\Users\ichirou\DM_simulation\src\engine\systems\mana\mana_system.cpp(90,42): warning C4267:         [ [C:\Users\ichirou\DM_simulation\build-msvc\dm_core.vcxproj]
C:\Users\ichirou\DM_simulation\src\engine\systems\mana\mana_system.cpp(90,42): warning C4267:             _Ty=int [C:\Users\ichirou\DM_simulation\build-msvc\dm_core.vcxproj]
C:\Users\ichirou\DM_simulation\src\engine\systems\mana\mana_system.cpp(90,42): warning C4267:         ] [C:\Users\ichirou\DM_simulation\build-msvc\dm_core.vcxproj]
C:\Users\ichirou\DM_simulation\src\engine\systems\mana\mana_system.cpp(106,63): warning C4267: '引数': 'size_t' から '_Ty' に変換しました。データが失われているかもしれません。 [C:\Users\ichirou\DM_simulation\build-msvc\dm_core.vcxproj]
C:\Users\ichirou\DM_simulation\src\engine\systems\mana\mana_system.cpp(106,63): warning C4267:         with [C:\Users\ichirou\DM_simulation\build-msvc\dm_core.vcxproj]
C:\Users\ichirou\DM_simulation\src\engine\systems\mana\mana_system.cpp(106,63): warning C4267:         [ [C:\Users\ichirou\DM_simulation\build-msvc\dm_core.vcxproj]
C:\Users\ichirou\DM_simulation\src\engine\systems\mana\mana_system.cpp(106,63): warning C4267:             _Ty=int [C:\Users\ichirou\DM_simulation\build-msvc\dm_core.vcxproj]
C:\Users\ichirou\DM_simulation\src\engine\systems\mana\mana_system.cpp(106,63): warning C4267:         ] [C:\Users\ichirou\DM_simulation\build-msvc\dm_core.vcxproj]
  breaker_system.cpp
  determinizer.cpp
C:\Users\ichirou\DM_simulation\src\engine\utils\determinizer.cpp(26,103): warning C4244: '引数': '_Rep' から 'unsigned int' への変換です。データが失われる可能性があります。 [C:\Users\ichirou\DM_simulation\build-msvc\dm_core.vcxproj]
C:\Users\ichirou\DM_simulation\src\engine\utils\determinizer.cpp(26,103): warning C4244:         with [C:\Users\ichirou\DM_simulation\build-msvc\dm_core.vcxproj]
C:\Users\ichirou\DM_simulation\src\engine\utils\determinizer.cpp(26,103): warning C4244:         [ [C:\Users\ichirou\DM_simulation\build-msvc\dm_core.vcxproj]
C:\Users\ichirou\DM_simulation\src\engine\utils\determinizer.cpp(26,103): warning C4244:             _Rep=std::chrono::system_clock::rep [C:\Users\ichirou\DM_simulation\build-msvc\dm_core.vcxproj]
C:\Users\ichirou\DM_simulation\src\engine\utils\determinizer.cpp(26,103): warning C4244:         ] [C:\Users\ichirou\DM_simulation\build-msvc\dm_core.vcxproj]
  dev_tools.cpp
C:\Users\ichirou\DM_simulation\src\engine\utils\dev_tools.cpp(37,20): warning C4267: '初期化中': 'size_t' から 'int' に変換しました。データが失われているかもしれません。 [C:\Users\ichirou\DM_simulation\build-msvc\dm_core.vcxproj]
  card_registry.cpp
  effect_system.cpp
C:\Program Files (x86)\Microsoft Visual Studio\2022\BuildTools\VC\Tools\MSVC\14.44.35207\include\utility(274,16): warning C4244: '初期化中': '_Ty' から '_Ty1' への変換です。データが失われる可能性があります。 [C:\Users\ichirou\DM_simulation\build-msvc\dm_core.vcxproj]
C:\Program Files (x86)\Microsoft Visual Studio\2022\BuildTools\VC\Tools\MSVC\14.44.35207\include\utility(274,16): warning C4244:         with [C:\Users\ichirou\DM_simulation\build-msvc\dm_core.vcxproj]
C:\Program Files (x86)\Microsoft Visual Studio\2022\BuildTools\VC\Tools\MSVC\14.44.35207\include\utility(274,16): warning C4244:         [ [C:\Users\ichirou\DM_simulation\build-msvc\dm_core.vcxproj]
C:\Program Files (x86)\Microsoft Visual Studio\2022\BuildTools\VC\Tools\MSVC\14.44.35207\include\utility(274,16): warning C4244:             _Ty=int [C:\Users\ichirou\DM_simulation\build-msvc\dm_core.vcxproj]
C:\Program Files (x86)\Microsoft Visual Studio\2022\BuildTools\VC\Tools\MSVC\14.44.35207\include\utility(274,16): warning C4244:         ] [C:\Users\ichirou\DM_simulation\build-msvc\dm_core.vcxproj]
C:\Program Files (x86)\Microsoft Visual Studio\2022\BuildTools\VC\Tools\MSVC\14.44.35207\include\utility(274,16): warning C4244:         and [C:\Users\ichirou\DM_simulation\build-msvc\dm_core.vcxproj]
C:\Program Files (x86)\Microsoft Visual Studio\2022\BuildTools\VC\Tools\MSVC\14.44.35207\include\utility(274,16): warning C4244:         [ [C:\Users\ichirou\DM_simulation\build-msvc\dm_core.vcxproj]
C:\Program Files (x86)\Microsoft Visual Studio\2022\BuildTools\VC\Tools\MSVC\14.44.35207\include\utility(274,16): warning C4244:             _Ty1=dm::core::PlayerID [C:\Users\ichirou\DM_simulation\build-msvc\dm_core.vcxproj]
C:\Program Files (x86)\Microsoft Visual Studio\2022\BuildTools\VC\Tools\MSVC\14.44.35207\include\utility(274,16): warning C4244:         ] [C:\Users\ichirou\DM_simulation\build-msvc\dm_core.vcxproj]
  (ソース ファイル '../src/engine/systems/card/effect_system.cpp' をコンパイルしています)
      C:\Program Files (x86)\Microsoft Visual Studio\2022\BuildTools\VC\Tools\MSVC\14.44.35207\include\utility(274,16):
      テンプレートインスタンス化コンテキスト (最初に最も古いもの) は
          C:\Users\ichirou\DM_simulation\src\engine\systems\card\handlers\tap_handler.hpp(28,46):
          コンパイル対象の関数 テンプレート インスタンス化 'std::pair<dm::core::PlayerID,dm::core::Zone>::pair<int,dm::core::Zone,0>(_Other1 &&,_Other2 &&) noexcept' のリファレンスを確認してください
          with
          [
              _Other1=int,
              _Other2=dm::core::Zone
          ]
              C:\Users\ichirou\DM_simulation\src\engine\systems\card\handlers\tap_handler.hpp(28,45):
              'dm::engine::TapHandler::compile_action' の 'std::pair<dm::core::PlayerID,dm::core::Zone>::pair' への最初の参照を参照してください
  
  selection_system.cpp
  condition_system.cpp
C:\Users\ichirou\DM_simulation\src\engine\systems\card\condition_system.cpp(126,179): warning C4100: 'execution_context': 参照されないパラメーター [C:\Users\ichirou\DM_simulation\build-msvc\dm_core.vcxproj]
  json_loader.cpp
  コードを生成中...
  コンパイル中...
  keyword_expander.cpp
  game_instance.cpp
C:\Users\ichirou\DM_simulation\src\engine\game_instance.cpp(205,25): warning C4189: 'option_idx': ローカル変数が初期化されましたが、参照されていません [C:\Users\ichirou\DM_simulation\build-msvc\dm_core.vcxproj]
C:\Users\ichirou\DM_simulation\src\engine\game_instance.cpp(208,31): warning C4189: 'pe': ローカル変数が初期化されましたが、参照されていません [C:\Users\ichirou\DM_simulation\build-msvc\dm_core.vcxproj]
C:\Program Files (x86)\Microsoft Visual Studio\2022\BuildTools\VC\Tools\MSVC\14.44.35207\include\xutility(462,85): warning C4244: '引数': '_Ty' から 'dm::core::CardID' への変換です。データが失われる可能性があります。 [C:\Users\ichirou\DM_simulation\build-msvc\dm_core.vcxproj]
C:\Program Files (x86)\Microsoft Visual Studio\2022\BuildTools\VC\Tools\MSVC\14.44.35207\include\xutility(462,85): warning C4244:         with [C:\Users\ichirou\DM_simulation\build-msvc\dm_core.vcxproj]
C:\Program Files (x86)\Microsoft Visual Studio\2022\BuildTools\VC\Tools\MSVC\14.44.35207\include\xutility(462,85): warning C4244:         [ [C:\Users\ichirou\DM_simulation\build-msvc\dm_core.vcxproj]
C:\Program Files (x86)\Microsoft Visual Studio\2022\BuildTools\VC\Tools\MSVC\14.44.35207\include\xutility(462,85): warning C4244:             _Ty=int [C:\Users\ichirou\DM_simulation\build-msvc\dm_core.vcxproj]
C:\Program Files (x86)\Microsoft Visual Studio\2022\BuildTools\VC\Tools\MSVC\14.44.35207\include\xutility(462,85): warning C4244:         ] [C:\Users\ichirou\DM_simulation\build-msvc\dm_core.vcxproj]
  (ソース ファイル '../src/engine/game_instance.cpp' をコンパイルしています)
      C:\Program Files (x86)\Microsoft Visual Studio\2022\BuildTools\VC\Tools\MSVC\14.44.35207\include\xutility(462,85):
      テンプレートインスタンス化コンテキスト (最初に最も古いもの) は
          C:\Users\ichirou\DM_simulation\src\engine\game_instance.cpp(451,30):
          コンパイル対象の関数 テンプレート インスタンス化 'dm::core::CardInstance &std::vector<dm::core::CardInstance,std::allocator<dm::core::CardInstance>>::emplace_back<int,int,dm::core::PlayerID&>(int &&,int &&,dm::core::PlayerID &)' のリファレンスを確認してください
              C:\Users\ichirou\DM_simulation\src\engine\game_instance.cpp(451,42):
              'dm::engine::GameInstance::reset_with_scenario' の 'std::vector<dm::core::CardInstance,std::allocator<dm::core::CardInstance>>::emplace_back' への最初の参照を参照してください
          C:\Program Files (x86)\Microsoft Visual Studio\2022\BuildTools\VC\Tools\MSVC\14.44.35207\include\vector(924,24):
          コンパイル対象の関数 テンプレート インスタンス化 '_Ty &std::vector<_Ty,std::allocator<_Ty>>::_Emplace_one_at_back<int,int,dm::core::PlayerID&>(int &&,int &&,dm::core::PlayerID &)' のリファレンスを確認してください
          with
          [
              _Ty=dm::core::CardInstance
          ]
          C:\Program Files (x86)\Microsoft Visual Studio\2022\BuildTools\VC\Tools\MSVC\14.44.35207\include\vector(845,20):
          コンパイル対象の関数 テンプレート インスタンス化 '_Ty &std::vector<_Ty,std::allocator<_Ty>>::_Emplace_back_with_unused_capacity<int,int,dm::core::PlayerID&>(int &&,int &&,dm::core::PlayerID &)' のリファレンスを確認してください
          with
          [
              _Ty=dm::core::CardInstance
          ]
          C:\Program Files (x86)\Microsoft Visual Studio\2022\BuildTools\VC\Tools\MSVC\14.44.35207\include\vector(863,27):
          コンパイル対象の関数 テンプレート インスタンス化 'void std::_Default_allocator_traits<_Alloc>::construct<_Ty,int,int,dm::core::PlayerID&>(_Alloc &,_Objty *const ,int &&,int &&,dm::core::PlayerID &)' のリファレンスを確認してください
          with
          [
              _Alloc=std::allocator<dm::core::CardInstance>,
              _Ty=dm::core::CardInstance,
              _Objty=dm::core::CardInstance
          ]
          C:\Program Files (x86)\Microsoft Visual Studio\2022\BuildTools\VC\Tools\MSVC\14.44.35207\include\xmemory(730,14):
          コンパイル対象の関数 テンプレート インスタンス化 '_Ty *std::construct_at<_Objty,int,int,dm::core::PlayerID&>(_Ty *const ,int &&,int &&,dm::core::PlayerID &) noexcept(<expr>)' のリファレンスを確認してください
          with
          [
              _Ty=dm::core::CardInstance,
              _Objty=dm::core::CardInstance
          ]
  
C:\Program Files (x86)\Microsoft Visual Studio\2022\BuildTools\VC\Tools\MSVC\14.44.35207\include\xutility(463,90): warning C4244: '引数': '_Ty' から 'dm::core::CardID' への変換です。データが失われる可能性があります。 [C:\Users\ichirou\DM_simulation\build-msvc\dm_core.vcxproj]
C:\Program Files (x86)\Microsoft Visual Studio\2022\BuildTools\VC\Tools\MSVC\14.44.35207\include\xutility(463,90): warning C4244:         with [C:\Users\ichirou\DM_simulation\build-msvc\dm_core.vcxproj]
C:\Program Files (x86)\Microsoft Visual Studio\2022\BuildTools\VC\Tools\MSVC\14.44.35207\include\xutility(463,90): warning C4244:         [ [C:\Users\ichirou\DM_simulation\build-msvc\dm_core.vcxproj]
C:\Program Files (x86)\Microsoft Visual Studio\2022\BuildTools\VC\Tools\MSVC\14.44.35207\include\xutility(463,90): warning C4244:             _Ty=int [C:\Users\ichirou\DM_simulation\build-msvc\dm_core.vcxproj]
C:\Program Files (x86)\Microsoft Visual Studio\2022\BuildTools\VC\Tools\MSVC\14.44.35207\include\xutility(463,90): warning C4244:         ] [C:\Users\ichirou\DM_simulation\build-msvc\dm_core.vcxproj]
  (ソース ファイル '../src/engine/game_instance.cpp' をコンパイルしています)
      C:\Program Files (x86)\Microsoft Visual Studio\2022\BuildTools\VC\Tools\MSVC\14.44.35207\include\xutility(463,90):
      テンプレートインスタンス化コンテキスト (最初に最も古いもの) は
          C:\Program Files (x86)\Microsoft Visual Studio\2022\BuildTools\VC\Tools\MSVC\14.44.35207\include\vector(863,27):
          コンパイル対象の関数 テンプレート インスタンス化 'void std::_Default_allocator_traits<_Alloc>::construct<_Ty,int,int,dm::core::PlayerID&>(_Alloc &,_Objty *const ,int &&,int &&,dm::core::PlayerID &)' のリファレンスを確認してください
          with
          [
              _Alloc=std::allocator<dm::core::CardInstance>,
              _Ty=dm::core::CardInstance,
              _Objty=dm::core::CardInstance
          ]
          C:\Program Files (x86)\Microsoft Visual Studio\2022\BuildTools\VC\Tools\MSVC\14.44.35207\include\xmemory(730,14):
          コンパイル対象の関数 テンプレート インスタンス化 '_Ty *std::construct_at<_Objty,int,int,dm::core::PlayerID&>(_Ty *const ,int &&,int &&,dm::core::PlayerID &) noexcept(false)' のリファレンスを確認してください
          with
          [
              _Ty=dm::core::CardInstance,
              _Objty=dm::core::CardInstance
          ]
  
  cost_payment_system.cpp
  trigger_manager.cpp
  trigger_system.cpp
  commands.cpp
C:\Users\ichirou\DM_simulation\src\engine\game_command\commands.cpp(90,39): warning C4244: '=': '__int64' から 'int' への変換です。データが失われる可能性があります。 [C:\Users\ichirou\DM_simulation\build-msvc\dm_core.vcxproj]
C:\Users\ichirou\DM_simulation\src\engine\game_command\commands.cpp(324,39): warning C4267: '=': 'size_t' から 'int' に変換しました。データが失われているかもしれません。 [C:\Users\ichirou\DM_simulation\build-msvc\dm_core.vcxproj]
C:\Users\ichirou\DM_simulation\src\engine\game_command\commands.cpp(538,42): warning C4244: '=': 'int' から 'dm::core::PlayerID' への変換です。データが失われる可能性があります。 [C:\Users\ichirou\DM_simulation\build-msvc\dm_core.vcxproj]
C:\Users\ichirou\DM_simulation\src\engine\game_command\commands.cpp(621,42): warning C4244: '=': 'int' から 'dm::core::PlayerID' への変換です。データが失われる可能性があります。 [C:\Users\ichirou\DM_simulation\build-msvc\dm_core.vcxproj]
  action_commands.cpp
  pipeline_executor.cpp
C:\Users\ichirou\DM_simulation\src\engine\systems\pipeline_executor.cpp(42,20): warning C4189: 'after_size': ローカル変数が初期化されましたが、参照されていません [C:\Users\ichirou\DM_simulation\build-msvc\dm_core.vcxproj]
C:\Users\ichirou\DM_simulation\src\engine\systems\pipeline_executor.cpp(509,42): warning C4244: '=': '_First' から 'dm::core::PlayerID' への変換です。データが失われる可能性があります。 [C:\Users\ichirou\DM_simulation\build-msvc\dm_core.vcxproj]
C:\Users\ichirou\DM_simulation\src\engine\systems\pipeline_executor.cpp(509,42): warning C4244:         with [C:\Users\ichirou\DM_simulation\build-msvc\dm_core.vcxproj]
C:\Users\ichirou\DM_simulation\src\engine\systems\pipeline_executor.cpp(509,42): warning C4244:         [ [C:\Users\ichirou\DM_simulation\build-msvc\dm_core.vcxproj]
C:\Users\ichirou\DM_simulation\src\engine\systems\pipeline_executor.cpp(509,42): warning C4244:             _First=int [C:\Users\ichirou\DM_simulation\build-msvc\dm_core.vcxproj]
C:\Users\ichirou\DM_simulation\src\engine\systems\pipeline_executor.cpp(509,42): warning C4244:         ] [C:\Users\ichirou\DM_simulation\build-msvc\dm_core.vcxproj]
C:\Users\ichirou\DM_simulation\src\engine\systems\pipeline_executor.cpp(908,92): warning C4100: 'card_db': 参照されないパラメーター [C:\Users\ichirou\DM_simulation\build-msvc\dm_core.vcxproj]
C:\Users\ichirou\DM_simulation\src\engine\systems\pipeline_executor.cpp(907,76): warning C4100: 'state': 参照されないパラメーター [C:\Users\ichirou\DM_simulation\build-msvc\dm_core.vcxproj]
  command_system.cpp
  game_logic_system.cpp
C:\Users\ichirou\DM_simulation\src\engine\systems\game_logic_system.cpp(487,170): warning C4100: 'controller': 参照されないパラメーター [C:\Users\ichirou\DM_simulation\build-msvc\dm_core.vcxproj]
C:\Users\ichirou\DM_simulation\src\engine\systems\game_logic_system.cpp(597,29): warning C4456: 'before_size' を宣言すると、以前のローカル宣言が隠蔽されます [C:\Users\ichirou\DM_simulation\build-msvc\dm_core.vcxproj]
      C:\Users\ichirou\DM_simulation\src\engine\systems\game_logic_system.cpp(588,25):
      'before_size' の宣言を確認してください
  
C:\Users\ichirou\DM_simulation\src\engine\systems\game_logic_system.cpp(598,26): warning C4456: 'parent_idx' を宣言すると、以前のローカル宣言が隠蔽されます [C:\Users\ichirou\DM_simulation\build-msvc\dm_core.vcxproj]
      C:\Users\ichirou\DM_simulation\src\engine\systems\game_logic_system.cpp(589,22):
      'parent_idx' の宣言を確認してください
  
C:\Users\ichirou\DM_simulation\src\engine\systems\game_logic_system.cpp(599,26): warning C4456: 'parent_pc' を宣言すると、以前のローカル宣言が隠蔽されます [C:\Users\ichirou\DM_simulation\build-msvc\dm_core.vcxproj]
      C:\Users\ichirou\DM_simulation\src\engine\systems\game_logic_system.cpp(590,22):
      'parent_pc' の宣言を確認してください
  
C:\Users\ichirou\DM_simulation\src\engine\systems\game_logic_system.cpp(673,103): warning C4100: 'card_db': 参照されないパラメーター [C:\Users\ichirou\DM_simulation\build-msvc\dm_core.vcxproj]
C:\Users\ichirou\DM_simulation\src\engine\systems\game_logic_system.cpp(1368,68): warning C4244: '引数': 'int' から 'dm::core::PlayerID' への変換です。データが失われる可能性があります。 [C:\Users\ichirou\DM_simulation\build-msvc\dm_core.vcxproj]
C:\Program Files (x86)\Microsoft Visual Studio\2022\BuildTools\VC\Tools\MSVC\14.44.35207\include\utility(274,54): warning C4244: '初期化中': '_Ty' から '_Ty2' への変換です。データが失われる可能性があります。 [C:\Users\ichirou\DM_simulation\build-msvc\dm_core.vcxproj]
C:\Program Files (x86)\Microsoft Visual Studio\2022\BuildTools\VC\Tools\MSVC\14.44.35207\include\utility(274,54): warning C4244:         with [C:\Users\ichirou\DM_simulation\build-msvc\dm_core.vcxproj]
C:\Program Files (x86)\Microsoft Visual Studio\2022\BuildTools\VC\Tools\MSVC\14.44.35207\include\utility(274,54): warning C4244:         [ [C:\Users\ichirou\DM_simulation\build-msvc\dm_core.vcxproj]
C:\Program Files (x86)\Microsoft Visual Studio\2022\BuildTools\VC\Tools\MSVC\14.44.35207\include\utility(274,54): warning C4244:             _Ty=int [C:\Users\ichirou\DM_simulation\build-msvc\dm_core.vcxproj]
C:\Program Files (x86)\Microsoft Visual Studio\2022\BuildTools\VC\Tools\MSVC\14.44.35207\include\utility(274,54): warning C4244:         ] [C:\Users\ichirou\DM_simulation\build-msvc\dm_core.vcxproj]
C:\Program Files (x86)\Microsoft Visual Studio\2022\BuildTools\VC\Tools\MSVC\14.44.35207\include\utility(274,54): warning C4244:         and [C:\Users\ichirou\DM_simulation\build-msvc\dm_core.vcxproj]
C:\Program Files (x86)\Microsoft Visual Studio\2022\BuildTools\VC\Tools\MSVC\14.44.35207\include\utility(274,54): warning C4244:         [ [C:\Users\ichirou\DM_simulation\build-msvc\dm_core.vcxproj]
C:\Program Files (x86)\Microsoft Visual Studio\2022\BuildTools\VC\Tools\MSVC\14.44.35207\include\utility(274,54): warning C4244:             _Ty2=dm::core::PlayerID [C:\Users\ichirou\DM_simulation\build-msvc\dm_core.vcxproj]
C:\Program Files (x86)\Microsoft Visual Studio\2022\BuildTools\VC\Tools\MSVC\14.44.35207\include\utility(274,54): warning C4244:         ] [C:\Users\ichirou\DM_simulation\build-msvc\dm_core.vcxproj]
  (ソース ファイル '../src/engine/systems/game_logic_system.cpp' をコンパイルしています)
      C:\Program Files (x86)\Microsoft Visual Studio\2022\BuildTools\VC\Tools\MSVC\14.44.35207\include\utility(274,54):
      テンプレートインスタンス化コンテキスト (最初に最も古いもの) は
          C:\Users\ichirou\DM_simulation\src\engine\systems\game_logic_system.cpp(32,84):
          コンパイル対象の関数 テンプレート インスタンス化 'std::pair<dm::core::Zone,dm::core::PlayerID>::pair<dm::core::Zone,int,0>(_Other1 &&,_Other2 &&) noexcept' のリファレンスを確認してください
          with
          [
              _Other1=dm::core::Zone,
              _Other2=int
          ]
              C:\Users\ichirou\DM_simulation\src\engine\systems\game_logic_system.cpp(32,84):
              'dm::engine::systems::GameLogicSystem::get_card_location' の 'std::pair<dm::core::Zone,dm::core::PlayerID>::pair' への最初の参照を参照してください
  
  restriction_system.cpp
  continuous_effect_system.cpp
  tensor_converter.cpp
  token_converter.cpp
C:\Users\ichirou\DM_simulation\src\ai\encoders\token_converter.cpp(25,67): warning C4267: '引数': 'size_t' から '_Ty' に変換しました。データが失われているかもしれません。 [C:\Users\ichirou\DM_simulation\build-msvc\dm_core.vcxproj]
C:\Users\ichirou\DM_simulation\src\ai\encoders\token_converter.cpp(25,67): warning C4267:         with [C:\Users\ichirou\DM_simulation\build-msvc\dm_core.vcxproj]
C:\Users\ichirou\DM_simulation\src\ai\encoders\token_converter.cpp(25,67): warning C4267:         [ [C:\Users\ichirou\DM_simulation\build-msvc\dm_core.vcxproj]
C:\Users\ichirou\DM_simulation\src\ai\encoders\token_converter.cpp(25,67): warning C4267:             _Ty=int [C:\Users\ichirou\DM_simulation\build-msvc\dm_core.vcxproj]
C:\Users\ichirou\DM_simulation\src\ai\encoders\token_converter.cpp(25,67): warning C4267:         ] [C:\Users\ichirou\DM_simulation\build-msvc\dm_core.vcxproj]
C:\Users\ichirou\DM_simulation\src\ai\encoders\token_converter.cpp(27,71): warning C4267: '引数': 'size_t' から '_Ty' に変換しました。データが失われているかもしれません。 [C:\Users\ichirou\DM_simulation\build-msvc\dm_core.vcxproj]
C:\Users\ichirou\DM_simulation\src\ai\encoders\token_converter.cpp(27,71): warning C4267:         with [C:\Users\ichirou\DM_simulation\build-msvc\dm_core.vcxproj]
C:\Users\ichirou\DM_simulation\src\ai\encoders\token_converter.cpp(27,71): warning C4267:         [ [C:\Users\ichirou\DM_simulation\build-msvc\dm_core.vcxproj]
C:\Users\ichirou\DM_simulation\src\ai\encoders\token_converter.cpp(27,71): warning C4267:             _Ty=int [C:\Users\ichirou\DM_simulation\build-msvc\dm_core.vcxproj]
C:\Users\ichirou\DM_simulation\src\ai\encoders\token_converter.cpp(27,71): warning C4267:         ] [C:\Users\ichirou\DM_simulation\build-msvc\dm_core.vcxproj]
C:\Users\ichirou\DM_simulation\src\ai\encoders\token_converter.cpp(117,15): warning C4267: '初期化中': 'size_t' から 'int' に変換しました。データが失われているかもしれません。 [C:\Users\ichirou\DM_simulation\build-msvc\dm_core.vcxproj]
  action_encoder.cpp
  batch_evaluator.cpp
C:\Users\ichirou\AppData\Local\Programs\Python\Python312\Include\cpython\unicodeobject.h(203,57): warning C4100: '_unused_op': 参照されないパラメーター [C:\Users\ichirou\DM_simulation\build-msvc\dm_core.vcxproj]
  (ソース ファイル '../src/ai/batch_evaluator.cpp' をコンパイルしています)
  
C:\Users\ichirou\AppData\Local\Programs\Python\Python312\Include\cpython\unicodeobject.h(393,45): warning C4100: '_unused_op': 参照されないパラメーター [C:\Users\ichirou\DM_simulation\build-msvc\dm_core.vcxproj]
  (ソース ファイル '../src/ai/batch_evaluator.cpp' をコンパイルしています)
  
  mcts.cpp
  mcts_evaluator.cpp
  heuristic_evaluator.cpp
  beam_search_evaluator.cpp
C:\Users\ichirou\DM_simulation\src\ai\evaluator\beam_search_evaluator.cpp(195,27): warning C4267: '初期化中': 'size_t' から 'int' に変換しました。データが失われているかもしれません。 [C:\Users\ichirou\DM_simulation\build-msvc\dm_core.vcxproj]
  コードを生成中...
  コンパイル中...
  self_play.cpp
C:\Users\ichirou\DM_simulation\src\ai\self_play\self_play.cpp(91,84): warning C4267: '引数': 'size_t' から '_Ty' に変換しました。データが失われているかもしれません。 [C:\Users\ichirou\DM_simulation\build-msvc\dm_core.vcxproj]
C:\Users\ichirou\DM_simulation\src\ai\self_play\self_play.cpp(91,84): warning C4267:         with [C:\Users\ichirou\DM_simulation\build-msvc\dm_core.vcxproj]
C:\Users\ichirou\DM_simulation\src\ai\self_play\self_play.cpp(91,84): warning C4267:         [ [C:\Users\ichirou\DM_simulation\build-msvc\dm_core.vcxproj]
C:\Users\ichirou\DM_simulation\src\ai\self_play\self_play.cpp(91,84): warning C4267:             _Ty=int [C:\Users\ichirou\DM_simulation\build-msvc\dm_core.vcxproj]
C:\Users\ichirou\DM_simulation\src\ai\self_play\self_play.cpp(91,84): warning C4267:         ] [C:\Users\ichirou\DM_simulation\build-msvc\dm_core.vcxproj]
  parallel_runner.cpp
C:\Users\ichirou\DM_simulation\src\ai\self_play\parallel_runner.cpp(72,26): warning C4267: '初期化中': 'size_t' から 'int' に変換しました。データが失われているかもしれません。 [C:\Users\ichirou\DM_simulation\build-msvc\dm_core.vcxproj]
C:\Users\ichirou\DM_simulation\src\ai\self_play\parallel_runner.cpp(121,25): warning C4267: '初期化中': 'size_t' から 'int' に変換しました。データが失われているかもしれません。 [C:\Users\ichirou\DM_simulation\build-msvc\dm_core.vcxproj]
C:\Users\ichirou\DM_simulation\src\ai\self_play\parallel_runner.cpp(211,61): warning C4267: '引数': 'size_t' から '_Ty' に変換しました。データが失われているかもしれません。 [C:\Users\ichirou\DM_simulation\build-msvc\dm_core.vcxproj]
C:\Users\ichirou\DM_simulation\src\ai\self_play\parallel_runner.cpp(211,61): warning C4267:         with [C:\Users\ichirou\DM_simulation\build-msvc\dm_core.vcxproj]
C:\Users\ichirou\DM_simulation\src\ai\self_play\parallel_runner.cpp(211,61): warning C4267:         [ [C:\Users\ichirou\DM_simulation\build-msvc\dm_core.vcxproj]
C:\Users\ichirou\DM_simulation\src\ai\self_play\parallel_runner.cpp(211,61): warning C4267:             _Ty=int [C:\Users\ichirou\DM_simulation\build-msvc\dm_core.vcxproj]
C:\Users\ichirou\DM_simulation\src\ai\self_play\parallel_runner.cpp(211,61): warning C4267:         ] [C:\Users\ichirou\DM_simulation\build-msvc\dm_core.vcxproj]
C:\Users\ichirou\DM_simulation\src\ai\self_play\parallel_runner.cpp(331,61): warning C4267: '引数': 'size_t' から '_Ty' に変換しました。データが失われているかもしれません。 [C:\Users\ichirou\DM_simulation\build-msvc\dm_core.vcxproj]
C:\Users\ichirou\DM_simulation\src\ai\self_play\parallel_runner.cpp(331,61): warning C4267:         with [C:\Users\ichirou\DM_simulation\build-msvc\dm_core.vcxproj]
C:\Users\ichirou\DM_simulation\src\ai\self_play\parallel_runner.cpp(331,61): warning C4267:         [ [C:\Users\ichirou\DM_simulation\build-msvc\dm_core.vcxproj]
C:\Users\ichirou\DM_simulation\src\ai\self_play\parallel_runner.cpp(331,61): warning C4267:             _Ty=int [C:\Users\ichirou\DM_simulation\build-msvc\dm_core.vcxproj]
C:\Users\ichirou\DM_simulation\src\ai\self_play\parallel_runner.cpp(331,61): warning C4267:         ] [C:\Users\ichirou\DM_simulation\build-msvc\dm_core.vcxproj]
C:\Users\ichirou\DM_simulation\src\ai\self_play\parallel_runner.cpp(643,34): warning C4189: 'final_res': ローカル変数が初期化されましたが、参照されていません [C:\Users\ichirou\DM_simulation\build-msvc\dm_core.vcxproj]
  heuristic_agent.cpp
C:\Users\ichirou\DM_simulation\src\ai\agents\heuristic_agent.cpp(39,30): warning C4267: '初期化中': 'size_t' から 'int' に変換しました。データが失われているかもしれません。 [C:\Users\ichirou\DM_simulation\build-msvc\dm_core.vcxproj]
C:\Users\ichirou\DM_simulation\src\ai\agents\heuristic_agent.cpp(42,77): warning C4267: '引数': 'size_t' から '_Ty' に変換しました。データが失われているかもしれません。 [C:\Users\ichirou\DM_simulation\build-msvc\dm_core.vcxproj]
C:\Users\ichirou\DM_simulation\src\ai\agents\heuristic_agent.cpp(42,77): warning C4267:         with [C:\Users\ichirou\DM_simulation\build-msvc\dm_core.vcxproj]
C:\Users\ichirou\DM_simulation\src\ai\agents\heuristic_agent.cpp(42,77): warning C4267:         [ [C:\Users\ichirou\DM_simulation\build-msvc\dm_core.vcxproj]
C:\Users\ichirou\DM_simulation\src\ai\agents\heuristic_agent.cpp(42,77): warning C4267:             _Ty=int [C:\Users\ichirou\DM_simulation\build-msvc\dm_core.vcxproj]
C:\Users\ichirou\DM_simulation\src\ai\agents\heuristic_agent.cpp(42,77): warning C4267:         ] [C:\Users\ichirou\DM_simulation\build-msvc\dm_core.vcxproj]
C:\Users\ichirou\DM_simulation\src\ai\agents\heuristic_agent.cpp(76,82): warning C4267: '引数': 'size_t' から '_Ty' に変換しました。データが失われているかもしれません。 [C:\Users\ichirou\DM_simulation\build-msvc\dm_core.vcxproj]
C:\Users\ichirou\DM_simulation\src\ai\agents\heuristic_agent.cpp(76,82): warning C4267:         with [C:\Users\ichirou\DM_simulation\build-msvc\dm_core.vcxproj]
C:\Users\ichirou\DM_simulation\src\ai\agents\heuristic_agent.cpp(76,82): warning C4267:         [ [C:\Users\ichirou\DM_simulation\build-msvc\dm_core.vcxproj]
C:\Users\ichirou\DM_simulation\src\ai\agents\heuristic_agent.cpp(76,82): warning C4267:             _Ty=int [C:\Users\ichirou\DM_simulation\build-msvc\dm_core.vcxproj]
C:\Users\ichirou\DM_simulation\src\ai\agents\heuristic_agent.cpp(76,82): warning C4267:         ] [C:\Users\ichirou\DM_simulation\build-msvc\dm_core.vcxproj]
C:\Users\ichirou\DM_simulation\src\ai\agents\heuristic_agent.cpp(89,84): warning C4267: '引数': 'size_t' から '_Ty' に変換しました。データが失われているかもしれません。 [C:\Users\ichirou\DM_simulation\build-msvc\dm_core.vcxproj]
C:\Users\ichirou\DM_simulation\src\ai\agents\heuristic_agent.cpp(89,84): warning C4267:         with [C:\Users\ichirou\DM_simulation\build-msvc\dm_core.vcxproj]
C:\Users\ichirou\DM_simulation\src\ai\agents\heuristic_agent.cpp(89,84): warning C4267:         [ [C:\Users\ichirou\DM_simulation\build-msvc\dm_core.vcxproj]
C:\Users\ichirou\DM_simulation\src\ai\agents\heuristic_agent.cpp(89,84): warning C4267:             _Ty=int [C:\Users\ichirou\DM_simulation\build-msvc\dm_core.vcxproj]
C:\Users\ichirou\DM_simulation\src\ai\agents\heuristic_agent.cpp(89,84): warning C4267:         ] [C:\Users\ichirou\DM_simulation\build-msvc\dm_core.vcxproj]
C:\Users\ichirou\DM_simulation\src\ai\agents\heuristic_agent.cpp(103,30): warning C4267: '初期化中': 'size_t' から 'int' に変換しました。データが失われているかもしれません。 [C:\Users\ichirou\DM_simulation\build-msvc\dm_core.vcxproj]
C:\Users\ichirou\DM_simulation\src\ai\agents\heuristic_agent.cpp(115,78): warning C4267: '引数': 'size_t' から '_Ty' に変換しました。データが失われているかもしれません。 [C:\Users\ichirou\DM_simulation\build-msvc\dm_core.vcxproj]
C:\Users\ichirou\DM_simulation\src\ai\agents\heuristic_agent.cpp(115,78): warning C4267:         with [C:\Users\ichirou\DM_simulation\build-msvc\dm_core.vcxproj]
C:\Users\ichirou\DM_simulation\src\ai\agents\heuristic_agent.cpp(115,78): warning C4267:         [ [C:\Users\ichirou\DM_simulation\build-msvc\dm_core.vcxproj]
C:\Users\ichirou\DM_simulation\src\ai\agents\heuristic_agent.cpp(115,78): warning C4267:             _Ty=int [C:\Users\ichirou\DM_simulation\build-msvc\dm_core.vcxproj]
C:\Users\ichirou\DM_simulation\src\ai\agents\heuristic_agent.cpp(115,78): warning C4267:         ] [C:\Users\ichirou\DM_simulation\build-msvc\dm_core.vcxproj]
C:\Users\ichirou\DM_simulation\src\ai\agents\heuristic_agent.cpp(129,75): warning C4267: '引数': 'size_t' から '_Ty' に変換しました。データが失われているかもしれません。 [C:\Users\ichirou\DM_simulation\build-msvc\dm_core.vcxproj]
C:\Users\ichirou\DM_simulation\src\ai\agents\heuristic_agent.cpp(129,75): warning C4267:         with [C:\Users\ichirou\DM_simulation\build-msvc\dm_core.vcxproj]
C:\Users\ichirou\DM_simulation\src\ai\agents\heuristic_agent.cpp(129,75): warning C4267:         [ [C:\Users\ichirou\DM_simulation\build-msvc\dm_core.vcxproj]
C:\Users\ichirou\DM_simulation\src\ai\agents\heuristic_agent.cpp(129,75): warning C4267:             _Ty=int [C:\Users\ichirou\DM_simulation\build-msvc\dm_core.vcxproj]
C:\Users\ichirou\DM_simulation\src\ai\agents\heuristic_agent.cpp(129,75): warning C4267:         ] [C:\Users\ichirou\DM_simulation\build-msvc\dm_core.vcxproj]
C:\Users\ichirou\DM_simulation\src\ai\agents\heuristic_agent.cpp(147,70): warning C4267: '引数': 'size_t' から '_Ty' に変換しました。データが失われているかもしれません。 [C:\Users\ichirou\DM_simulation\build-msvc\dm_core.vcxproj]
C:\Users\ichirou\DM_simulation\src\ai\agents\heuristic_agent.cpp(147,70): warning C4267:         with [C:\Users\ichirou\DM_simulation\build-msvc\dm_core.vcxproj]
C:\Users\ichirou\DM_simulation\src\ai\agents\heuristic_agent.cpp(147,70): warning C4267:         [ [C:\Users\ichirou\DM_simulation\build-msvc\dm_core.vcxproj]
C:\Users\ichirou\DM_simulation\src\ai\agents\heuristic_agent.cpp(147,70): warning C4267:             _Ty=int [C:\Users\ichirou\DM_simulation\build-msvc\dm_core.vcxproj]
C:\Users\ichirou\DM_simulation\src\ai\agents\heuristic_agent.cpp(147,70): warning C4267:         ] [C:\Users\ichirou\DM_simulation\build-msvc\dm_core.vcxproj]
  data_collector.cpp
C:\Users\ichirou\DM_simulation\src\ai\data_collection\data_collector.cpp(57,27): warning C4244: '初期化中': '_Rep' から 'uint32_t' への変換です。データが失われる可能性があります。 [C:\Users\ichirou\DM_simulation\build-msvc\dm_core.vcxproj]
C:\Users\ichirou\DM_simulation\src\ai\data_collection\data_collector.cpp(57,27): warning C4244:         with [C:\Users\ichirou\DM_simulation\build-msvc\dm_core.vcxproj]
C:\Users\ichirou\DM_simulation\src\ai\data_collection\data_collector.cpp(57,27): warning C4244:         [ [C:\Users\ichirou\DM_simulation\build-msvc\dm_core.vcxproj]
C:\Users\ichirou\DM_simulation\src\ai\data_collection\data_collector.cpp(57,27): warning C4244:             _Rep=std::chrono::system_clock::rep [C:\Users\ichirou\DM_simulation\build-msvc\dm_core.vcxproj]
C:\Users\ichirou\DM_simulation\src\ai\data_collection\data_collector.cpp(57,27): warning C4244:         ] [C:\Users\ichirou\DM_simulation\build-msvc\dm_core.vcxproj]
  scenario_executor.cpp
  lethal_solver.cpp
  deck_evolution.cpp
C:\Users\ichirou\DM_simulation\src\ai\evolution\deck_evolution.cpp(36,79): warning C4267: '引数': 'size_t' から '_Ty' に変換しました。データが失われているかもしれません。 [C:\Users\ichirou\DM_simulation\build-msvc\dm_core.vcxproj]
C:\Users\ichirou\DM_simulation\src\ai\evolution\deck_evolution.cpp(36,79): warning C4267:         with [C:\Users\ichirou\DM_simulation\build-msvc\dm_core.vcxproj]
C:\Users\ichirou\DM_simulation\src\ai\evolution\deck_evolution.cpp(36,79): warning C4267:         [ [C:\Users\ichirou\DM_simulation\build-msvc\dm_core.vcxproj]
C:\Users\ichirou\DM_simulation\src\ai\evolution\deck_evolution.cpp(36,79): warning C4267:             _Ty=int [C:\Users\ichirou\DM_simulation\build-msvc\dm_core.vcxproj]
C:\Users\ichirou\DM_simulation\src\ai\evolution\deck_evolution.cpp(36,79): warning C4267:         ] [C:\Users\ichirou\DM_simulation\build-msvc\dm_core.vcxproj]
C:\Users\ichirou\DM_simulation\src\ai\evolution\deck_evolution.cpp(37,73): warning C4267: '引数': 'size_t' から '_Ty' に変換しました。データが失われているかもしれません。 [C:\Users\ichirou\DM_simulation\build-msvc\dm_core.vcxproj]
C:\Users\ichirou\DM_simulation\src\ai\evolution\deck_evolution.cpp(37,73): warning C4267:         with [C:\Users\ichirou\DM_simulation\build-msvc\dm_core.vcxproj]
C:\Users\ichirou\DM_simulation\src\ai\evolution\deck_evolution.cpp(37,73): warning C4267:         [ [C:\Users\ichirou\DM_simulation\build-msvc\dm_core.vcxproj]
C:\Users\ichirou\DM_simulation\src\ai\evolution\deck_evolution.cpp(37,73): warning C4267:             _Ty=int [C:\Users\ichirou\DM_simulation\build-msvc\dm_core.vcxproj]
C:\Users\ichirou\DM_simulation\src\ai\evolution\deck_evolution.cpp(37,73): warning C4267:         ] [C:\Users\ichirou\DM_simulation\build-msvc\dm_core.vcxproj]
C:\Users\ichirou\DM_simulation\src\ai\evolution\deck_evolution.cpp(63,21): warning C4267: '初期化中': 'size_t' から 'int' に変換しました。データが失われているかもしれません。 [C:\Users\ichirou\DM_simulation\build-msvc\dm_core.vcxproj]
C:\Users\ichirou\DM_simulation\src\ai\evolution\deck_evolution.cpp(103,84): warning C4267: '引数': 'size_t' から '_Ty' に変換しました。データが失われているかもしれません。 [C:\Users\ichirou\DM_simulation\build-msvc\dm_core.vcxproj]
C:\Users\ichirou\DM_simulation\src\ai\evolution\deck_evolution.cpp(103,84): warning C4267:         with [C:\Users\ichirou\DM_simulation\build-msvc\dm_core.vcxproj]
C:\Users\ichirou\DM_simulation\src\ai\evolution\deck_evolution.cpp(103,84): warning C4267:         [ [C:\Users\ichirou\DM_simulation\build-msvc\dm_core.vcxproj]
C:\Users\ichirou\DM_simulation\src\ai\evolution\deck_evolution.cpp(103,84): warning C4267:             _Ty=int [C:\Users\ichirou\DM_simulation\build-msvc\dm_core.vcxproj]
C:\Users\ichirou\DM_simulation\src\ai\evolution\deck_evolution.cpp(103,84): warning C4267:         ] [C:\Users\ichirou\DM_simulation\build-msvc\dm_core.vcxproj]
C:\Users\ichirou\DM_simulation\src\ai\evolution\deck_evolution.cpp(104,78): warning C4267: '引数': 'size_t' から '_Ty' に変換しました。データが失われているかもしれません。 [C:\Users\ichirou\DM_simulation\build-msvc\dm_core.vcxproj]
C:\Users\ichirou\DM_simulation\src\ai\evolution\deck_evolution.cpp(104,78): warning C4267:         with [C:\Users\ichirou\DM_simulation\build-msvc\dm_core.vcxproj]
C:\Users\ichirou\DM_simulation\src\ai\evolution\deck_evolution.cpp(104,78): warning C4267:         [ [C:\Users\ichirou\DM_simulation\build-msvc\dm_core.vcxproj]
C:\Users\ichirou\DM_simulation\src\ai\evolution\deck_evolution.cpp(104,78): warning C4267:             _Ty=int [C:\Users\ichirou\DM_simulation\build-msvc\dm_core.vcxproj]
C:\Users\ichirou\DM_simulation\src\ai\evolution\deck_evolution.cpp(104,78): warning C4267:         ] [C:\Users\ichirou\DM_simulation\build-msvc\dm_core.vcxproj]
  meta_environment.cpp
  pimc_generator.cpp
C:\Users\ichirou\DM_simulation\src\ai\inference\pimc_generator.cpp(48,78): warning C4100: 'check_face_down': 参照されないパラメーター [C:\Users\ichirou\DM_simulation\build-msvc\dm_core.vcxproj]
C:\Users\ichirou\DM_simulation\src\ai\inference\pimc_generator.cpp(75,69): warning C4100: 'card_db': 参照されないパラメーター [C:\Users\ichirou\DM_simulation\build-msvc\dm_core.vcxproj]
  deck_inference.cpp
  pomdp.cpp
  neural_evaluator.cpp
C:\Users\ichirou\DM_simulation\src\ai\evaluator\neural_evaluator.cpp(126,62): warning C4267: '引数': 'size_t' から 'int' に変換しました。データが失われているかもしれません。 [C:\Users\ichirou\DM_simulation\build-msvc\dm_core.vcxproj]
C:\Users\ichirou\DM_simulation\src\ai\evaluator\neural_evaluator.cpp(196,62): warning C4267: '引数': 'size_t' から 'int' に変換しました。データが失われているかもしれません。 [C:\Users\ichirou\DM_simulation\build-msvc\dm_core.vcxproj]
C:\Users\ichirou\DM_simulation\src\ai\evaluator\neural_evaluator.cpp(248,40): warning C4101: 'e': ローカル変数は 1 度も使われていません。 [C:\Users\ichirou\DM_simulation\build-msvc\dm_core.vcxproj]
C:\Program Files (x86)\Microsoft Visual Studio\2022\BuildTools\VC\Tools\MSVC\14.44.35207\include\algorithm(3800,24): warning C4244: '=': 'int' から 'char' への変換です。データが失われる可能性があります。 [C:\Users\ichirou\DM_simulation\build-msvc\dm_core.vcxproj]
  (ソース ファイル '../src/ai/evaluator/neural_evaluator.cpp' をコンパイルしています)
      C:\Program Files (x86)\Microsoft Visual Studio\2022\BuildTools\VC\Tools\MSVC\14.44.35207\include\algorithm(3800,24):
      テンプレートインスタンス化コンテキスト (最初に最も古いもの) は
          C:\Users\ichirou\DM_simulation\src\ai\evaluator\neural_evaluator.cpp(113,34):
          コンパイル対象の関数 テンプレート インスタンス化 '_OutIt std::transform<std::_String_iterator<std::_String_val<std::_Simple_types<_Elem>>>,std::_String_iterator<std::_String_val<std::_Simple_types<_Elem>>>,dm::ai::NeuralEvaluator::evaluate::<lambda_1>>(const _InIt,const _InIt,_OutIt,_Fn)' のリファレンスを確認してください
          with
          [
              _OutIt=std::_String_iterator<std::_String_val<std::_Simple_types<char>>>,
              _Elem=char,
              _InIt=std::_String_iterator<std::_String_val<std::_Simple_types<char>>>,
              _Fn=dm::ai::NeuralEvaluator::evaluate::<lambda_1>
          ]
  
  コードを生成中...
  dm_core.vcxproj -> C:\Users\ichirou\DM_simulation\build-msvc\dm_core.dir\Release\dm_core.lib
  Building Custom Rule C:/Users/ichirou/DM_simulation/CMakeLists.txt
  モジュール依存関係のソースをスキャンしています...
  bind_engine.cpp
  bindings.cpp
  bind_ai.cpp
  bind_core.cpp
  コンパイルしています...
  bind_ai.cpp
  bindings.cpp
  bind_core.cpp
  bind_engine.cpp
C:\Users\ichirou\DM_simulation\src\bindings\bind_core.cpp(493,25): warning C4244: '=': 'int' から 'dm::core::CardID' への変換です。データが失われる可能性があります。 [C:\Users\ichirou\DM_simulation\build-msvc\dm_ai_module.vcxproj]
C:\Users\ichirou\DM_simulation\src\bindings\bind_core.cpp(508,51): warning C4101: 'e': ローカル変数は 1 度も使われていません。 [C:\Users\ichirou\DM_simulation\build-msvc\dm_ai_module.vcxproj]
C:\Users\ichirou\DM_simulation\src\bindings\bind_core.cpp(551,51): warning C4101: 'e': ローカル変数は 1 度も使われていません。 [C:\Users\ichirou\DM_simulation\build-msvc\dm_ai_module.vcxproj]
C:\Users\ichirou\DM_simulation\src\bindings\bind_core.cpp(699,64): warning C4100: 's': 参照されないパラメーター [C:\Users\ichirou\DM_simulation\build-msvc\dm_ai_module.vcxproj]
C:\Users\ichirou\DM_simulation\src\bindings\bind_core.cpp(710,51): warning C4101: 'e': ローカル変数は 1 度も使われていません。 [C:\Users\ichirou\DM_simulation\build-msvc\dm_ai_module.vcxproj]
C:\Users\ichirou\DM_simulation\src\bindings\bind_core.cpp(748,65): warning C4244: '引数': 'int' から 'dm::core::CardID' への変換です。データが失われる可能性があります。 [C:\Users\ichirou\DM_simulation\build-msvc\dm_ai_module.vcxproj]
C:\Users\ichirou\DM_simulation\src\bindings\bind_core.cpp(753,51): warning C4101: 'e': ローカル変数は 1 度も使われていません。 [C:\Users\ichirou\DM_simulation\build-msvc\dm_ai_module.vcxproj]
C:\Users\ichirou\DM_simulation\src\bindings\bind_engine.cpp(250,51): warning C4101: 'e': ローカル変数は 1 度も使われていません。 [C:\Users\ichirou\DM_simulation\build-msvc\dm_ai_module.vcxproj]
C:\Users\ichirou\DM_simulation\src\bindings\bind_core.cpp(763,33): warning C4244: '引数': 'int' から 'dm::core::CardID' への変換です。データが失われる可能性があります。 [C:\Users\ichirou\DM_simulation\build-msvc\dm_ai_module.vcxproj]
C:\Users\ichirou\DM_simulation\src\bindings\bind_core.cpp(769,51): warning C4101: 'e': ローカル変数は 1 度も使われていません。 [C:\Users\ichirou\DM_simulation\build-msvc\dm_ai_module.vcxproj]
C:\Users\ichirou\DM_simulation\src\bindings\bind_core.cpp(779,33): warning C4244: '引数': 'int' から 'dm::core::CardID' への変換です。データが失われる可能性があります。 [C:\Users\ichirou\DM_simulation\build-msvc\dm_ai_module.vcxproj]
C:\Users\ichirou\DM_simulation\src\bindings\bind_core.cpp(783,51): warning C4101: 'e': ローカル変数は 1 度も使われていません。 [C:\Users\ichirou\DM_simulation\build-msvc\dm_ai_module.vcxproj]
C:\Users\ichirou\DM_simulation\src\bindings\bind_core.cpp(793,33): warning C4244: '引数': 'int' から 'dm::core::CardID' への変換です。データが失われる可能性があります。 [C:\Users\ichirou\DM_simulation\build-msvc\dm_ai_module.vcxproj]
C:\Users\ichirou\DM_simulation\src\bindings\bind_core.cpp(795,51): warning C4101: 'e': ローカル変数は 1 度も使われていません。 [C:\Users\ichirou\DM_simulation\build-msvc\dm_ai_module.vcxproj]
C:\Users\ichirou\DM_simulation\src\bindings\bind_core.cpp(805,33): warning C4244: '引数': 'int' から 'dm::core::CardID' への変換です。データが失われる可能性があります。 [C:\Users\ichirou\DM_simulation\build-msvc\dm_ai_module.vcxproj]
C:\Users\ichirou\DM_simulation\src\bindings\bind_core.cpp(807,51): warning C4101: 'e': ローカル変数は 1 度も使われていません。 [C:\Users\ichirou\DM_simulation\build-msvc\dm_ai_module.vcxproj]
C:\Users\ichirou\DM_simulation\src\bindings\bind_core.cpp(817,33): warning C4244: '引数': 'int' から 'dm::core::CardID' への変換です。データが失われる可能性があります。 [C:\Users\ichirou\DM_simulation\build-msvc\dm_ai_module.vcxproj]
C:\Users\ichirou\DM_simulation\src\bindings\bind_core.cpp(819,51): warning C4101: 'e': ローカル変数は 1 度も使われていません。 [C:\Users\ichirou\DM_simulation\build-msvc\dm_ai_module.vcxproj]
C:\Users\ichirou\DM_simulation\src\bindings\bind_core.cpp(829,33): warning C4244: '引数': 'int' から 'dm::core::CardID' への変換です。データが失われる可能性があります。 [C:\Users\ichirou\DM_simulation\build-msvc\dm_ai_module.vcxproj]
C:\Users\ichirou\DM_simulation\src\bindings\bind_core.cpp(831,51): warning C4101: 'e': ローカル変数は 1 度も使われていません。 [C:\Users\ichirou\DM_simulation\build-msvc\dm_ai_module.vcxproj]
C:\Users\ichirou\DM_simulation\src\bindings\bind_core.cpp(863,52): warning C4101: 'e': ローカル変数は 1 度も使われていません。 [C:\Users\ichirou\DM_simulation\build-msvc\dm_ai_module.vcxproj]
C:\Users\ichirou\DM_simulation\src\bindings\bind_core.cpp(887,51): warning C4101: 'e': ローカル変数は 1 度も使われていません。 [C:\Users\ichirou\DM_simulation\build-msvc\dm_ai_module.vcxproj]
C:\Users\ichirou\DM_simulation\src\bindings\bind_engine.cpp(286,149): warning C4100: 'py_ctx': 参照されないパラメーター [C:\Users\ichirou\DM_simulation\build-msvc\dm_ai_module.vcxproj]
C:\Users\ichirou\DM_simulation\src\bindings\bind_engine.cpp(293,51): warning C4101: 'e': ローカル変数は 1 度も使われていません。 [C:\Users\ichirou\DM_simulation\build-msvc\dm_ai_module.vcxproj]
C:\Users\ichirou\DM_simulation\src\bindings\bind_core.cpp(907,51): warning C4101: 'e': ローカル変数は 1 度も使われていません。 [C:\Users\ichirou\DM_simulation\build-msvc\dm_ai_module.vcxproj]
C:\Users\ichirou\DM_simulation\src\bindings\bind_engine.cpp(310,51): warning C4101: 'e': ローカル変数は 1 度も使われていません。 [C:\Users\ichirou\DM_simulation\build-msvc\dm_ai_module.vcxproj]
C:\Users\ichirou\DM_simulation\src\bindings\bind_core.cpp(939,47): warning C4101: 'e': ローカル変数は 1 度も使われていません。 [C:\Users\ichirou\DM_simulation\build-msvc\dm_ai_module.vcxproj]
C:\Users\ichirou\DM_simulation\src\bindings\bind_engine.cpp(342,52): warning C4101: 'e': ローカル変数は 1 度も使われていません。 [C:\Users\ichirou\DM_simulation\build-msvc\dm_ai_module.vcxproj]
C:\Users\ichirou\DM_simulation\src\bindings\bind_engine.cpp(370,48): warning C4101: 'e': ローカル変数は 1 度も使われていません。 [C:\Users\ichirou\DM_simulation\build-msvc\dm_ai_module.vcxproj]
C:\Users\ichirou\DM_simulation\src\bindings\bind_engine.cpp(424,51): warning C4101: 'e': ローカル変数は 1 度も使われていません。 [C:\Users\ichirou\DM_simulation\build-msvc\dm_ai_module.vcxproj]
C:\Users\ichirou\DM_simulation\src\bindings\bind_engine.cpp(443,52): warning C4101: 'e': ローカル変数は 1 度も使われていません。 [C:\Users\ichirou\DM_simulation\build-msvc\dm_ai_module.vcxproj]
     ライブラリ C:/Users/ichirou/DM_simulation/build-msvc/Release/dm_ai_module.lib とオブジェクト C:/Users/ichirou/DM_simulation/build-msvc/Release/dm_ai_module.exp を作成中
  コード生成しています。
  コード生成が終了しました。
  dm_ai_module.vcxproj -> C:\Users\ichirou\DM_simulation\bin\Release\dm_ai_module.cp312-win_amd64.pyd
  Building Custom Rule C:/Users/ichirou/DM_simulation/CMakeLists.txt
